         9         6         6         1         2         2         1         6bc       296
Completion took 1 ms
